--------------------------------------------------------------------------------
Release 14.7 Trace  (nt64)
Copyright (c) 1995-2013 Xilinx, Inc.  All rights reserved.

D:\Xlinx\14.7\ISE_DS\ISE\bin\nt64\unwrapped\trce.exe -intstyle ise -v 3 -s 3 -n
3 -fastpaths -xml Captain.twx Captain.ncd -o Captain.twr Captain.pcf -ucf
Captain.ucf

Design file:              Captain.ncd
Physical constraint file: Captain.pcf
Device,package,speed:     xc6slx9,tqg144,C,-3 (PRODUCTION 1.23 2013-10-13)
Report level:             verbose report

Environment Variable      Effect 
--------------------      ------ 
NONE                      No environment variables were set
--------------------------------------------------------------------------------

INFO:Timing:2698 - No timing constraints found, doing default enumeration.
INFO:Timing:3412 - To improve timing, see the Timing Closure User Guide (UG612).
INFO:Timing:2752 - To get complete path coverage, use the unconstrained paths 
   option. All paths that are not constrained will be reported in the 
   unconstrained paths section(s) of the report.
INFO:Timing:3339 - The clock-to-out numbers in this timing report are based on 
   a 50 Ohm transmission line loading model.  For the details of this model, 
   and for more information on accounting for different loading conditions, 
   please see the device datasheet.



Data Sheet report:
-----------------
All values displayed in nanoseconds (ns)

Setup/Hold to clock clk
----------------+------------+------------+------------+------------+------------------+--------+
                |Max Setup to|  Process   |Max Hold to |  Process   |                  | Clock  |
Source          | clk (edge) |   Corner   | clk (edge) |   Corner   |Internal Clock(s) | Phase  |
----------------+------------+------------+------------+------------+------------------+--------+
button<0>       |    4.341(R)|      SLOW  |   -1.208(R)|      FAST  |clk_BUFGP         |   0.000|
engine_output<4>|    1.704(R)|      SLOW  |   -0.488(R)|      SLOW  |clk_BUFGP         |   0.000|
engine_output<5>|    1.802(R)|      SLOW  |   -0.305(R)|      SLOW  |clk_BUFGP         |   0.000|
engine_output<6>|    1.969(R)|      SLOW  |   -0.530(R)|      SLOW  |clk_BUFGP         |   0.000|
engine_output<7>|    1.905(R)|      SLOW  |   -0.481(R)|      SLOW  |clk_BUFGP         |   0.000|
switch<0>       |    3.195(R)|      SLOW  |   -0.947(R)|      FAST  |clk_BUFGP         |   0.000|
switch<1>       |    4.166(R)|      SLOW  |   -0.933(R)|      FAST  |clk_BUFGP         |   0.000|
switch<2>       |    4.127(R)|      SLOW  |   -0.939(R)|      FAST  |clk_BUFGP         |   0.000|
switch<3>       |    3.472(R)|      SLOW  |   -1.335(R)|      FAST  |clk_BUFGP         |   0.000|
switch<4>       |    3.520(R)|      SLOW  |   -1.324(R)|      FAST  |clk_BUFGP         |   0.000|
switch<5>       |    3.859(R)|      SLOW  |   -0.731(R)|      FAST  |clk_BUFGP         |   0.000|
switch<6>       |    3.884(R)|      SLOW  |   -0.808(R)|      FAST  |clk_BUFGP         |   0.000|
switch<7>       |    3.028(R)|      SLOW  |   -0.416(R)|      SLOW  |clk_BUFGP         |   0.000|
----------------+------------+------------+------------+------------+------------------+--------+

Clock clk to Pad
----------------+-----------------+------------+-----------------+------------+------------------+--------+
                |Max (slowest) clk|  Process   |Min (fastest) clk|  Process   |                  | Clock  |
Destination     |  (edge) to PAD  |   Corner   |  (edge) to PAD  |   Corner   |Internal Clock(s) | Phase  |
----------------+-----------------+------------+-----------------+------------+------------------+--------+
a               |         9.557(R)|      SLOW  |         4.959(R)|      FAST  |clk_BUFGP         |   0.000|
b               |         9.371(R)|      SLOW  |         4.849(R)|      FAST  |clk_BUFGP         |   0.000|
c               |         9.379(R)|      SLOW  |         4.843(R)|      FAST  |clk_BUFGP         |   0.000|
common<0>       |         8.900(R)|      SLOW  |         4.783(R)|      FAST  |clk_BUFGP         |   0.000|
common<1>       |         8.586(R)|      SLOW  |         4.607(R)|      FAST  |clk_BUFGP         |   0.000|
common<2>       |         8.534(R)|      SLOW  |         4.539(R)|      FAST  |clk_BUFGP         |   0.000|
common<3>       |         7.748(R)|      SLOW  |         4.079(R)|      FAST  |clk_BUFGP         |   0.000|
d               |         9.291(R)|      SLOW  |         4.805(R)|      FAST  |clk_BUFGP         |   0.000|
e               |         9.342(R)|      SLOW  |         4.802(R)|      FAST  |clk_BUFGP         |   0.000|
energy_output<1>|         9.267(R)|      SLOW  |         5.006(R)|      FAST  |clk_BUFGP         |   0.000|
energy_output<2>|        10.271(R)|      SLOW  |         5.658(R)|      FAST  |clk_BUFGP         |   0.000|
engine_output<1>|         8.352(R)|      SLOW  |         4.378(R)|      FAST  |clk_BUFGP         |   0.000|
engine_output<2>|         9.666(R)|      SLOW  |         5.268(R)|      FAST  |clk_BUFGP         |   0.000|
f               |         8.589(R)|      SLOW  |         4.366(R)|      FAST  |clk_BUFGP         |   0.000|
g               |         8.428(R)|      SLOW  |         4.236(R)|      FAST  |clk_BUFGP         |   0.000|
led<0>          |         7.951(R)|      SLOW  |         4.140(R)|      FAST  |clk_BUFGP         |   0.000|
led<1>          |         6.808(R)|      SLOW  |         3.427(R)|      FAST  |clk_BUFGP         |   0.000|
led<2>          |         7.008(R)|      SLOW  |         3.559(R)|      FAST  |clk_BUFGP         |   0.000|
led<3>          |         6.943(R)|      SLOW  |         3.481(R)|      FAST  |clk_BUFGP         |   0.000|
led<4>          |         6.717(R)|      SLOW  |         3.349(R)|      FAST  |clk_BUFGP         |   0.000|
led<5>          |         7.795(R)|      SLOW  |         4.058(R)|      FAST  |clk_BUFGP         |   0.000|
led<6>          |         7.742(R)|      SLOW  |         4.039(R)|      FAST  |clk_BUFGP         |   0.000|
led<7>          |         7.691(R)|      SLOW  |         4.051(R)|      FAST  |clk_BUFGP         |   0.000|
o2_output<1>    |         8.423(R)|      SLOW  |         4.525(R)|      FAST  |clk_BUFGP         |   0.000|
o2_output<2>    |         8.345(R)|      SLOW  |         4.453(R)|      FAST  |clk_BUFGP         |   0.000|
top_led<0>      |         8.008(R)|      SLOW  |         4.187(R)|      FAST  |clk_BUFGP         |   0.000|
top_led<1>      |         8.294(R)|      SLOW  |         4.068(R)|      FAST  |clk_BUFGP         |   0.000|
top_led<2>      |         8.162(R)|      SLOW  |         4.111(R)|      FAST  |clk_BUFGP         |   0.000|
top_led<3>      |         8.329(R)|      SLOW  |         4.013(R)|      FAST  |clk_BUFGP         |   0.000|
top_led<4>      |         7.796(R)|      SLOW  |         3.906(R)|      FAST  |clk_BUFGP         |   0.000|
top_led<5>      |         8.302(R)|      SLOW  |         3.958(R)|      FAST  |clk_BUFGP         |   0.000|
top_led<6>      |         8.141(R)|      SLOW  |         3.854(R)|      FAST  |clk_BUFGP         |   0.000|
top_led<7>      |         8.134(R)|      SLOW  |         3.720(R)|      FAST  |clk_BUFGP         |   0.000|
----------------+-----------------+------------+-----------------+------------+------------------+--------+

Clock to Setup on destination clock clk
---------------+---------+---------+---------+---------+
               | Src:Rise| Src:Fall| Src:Rise| Src:Fall|
Source Clock   |Dest:Rise|Dest:Rise|Dest:Fall|Dest:Fall|
---------------+---------+---------+---------+---------+
clk            |    5.241|         |         |         |
---------------+---------+---------+---------+---------+

Pad to Pad
---------------+----------------+---------+
Source Pad     |Destination Pad |  Delay  |
---------------+----------------+---------+
switch<0>      |energy_output<0>|   10.038|
switch<0>      |engine_output<0>|    9.258|
switch<0>      |o2_output<0>    |    8.210|
---------------+----------------+---------+


Analysis completed Sat Dec 12 16:11:16 2020 
--------------------------------------------------------------------------------

Trace Settings:
-------------------------
Trace Settings 

Peak Memory Usage: 4571 MB



